nohup: ignoring input
⚡ Found 4 strongly connected components which includes at least one cycle each
cycle(001) ∈ α: DisputeCoordinator ~~{"DisputeDistributionMessage"}~~> DisputeDistribution ~~{"DisputeCoordinatorMessage"}~~>  *
cycle(002) ∈ β: ApprovalVoting ~~{"ApprovalDistributionMessage"}~~> ApprovalDistribution ~~{"ApprovalVotingMessage"}~~>  *
cycle(003) ∈ γ: CandidateBacking ~~{"CollatorProtocolMessage"}~~> CollatorProtocol ~~{"CandidateBackingMessage"}~~>  *
cycle(004) ∈ δ: NetworkBridgeRx ~~{"GossipSupportMessage"}~~> GossipSupport ~~{"NetworkBridgeRxMessage"}~~>  *
   Compiling arxon-runtime v0.0.0 (/workspaces/arxon-node/template/runtime)
warning: use of deprecated constant `pallet::RuntimeEvent::_w`: 
                 It is deprecated to have `RuntimeEvent` associated type in the pallet config.
                 Please instead remove it as it is redundant since associated bound gets appended automatically: 
                 
                 pub trait Config: frame_system::Config<RuntimeEvent: From<Event<Self>>> { }.
         
                 For more info see:
                     <https://github.com/paritytech/polkadot-sdk/pull/7229>
  --> template/pallets/privacy/src/lib.rs:23:14
   |
23 |         type RuntimeEvent: From<Event<Self>> + IsType<<Self as frame_system::Config>::RuntimeEvent>;
   |              ^^^^^^^^^^^^
   |
   = note: `#[warn(deprecated)]` on by default

warning: `pallet-privacy` (lib) generated 1 warning
warning: use of deprecated constant `pallet::RuntimeEvent::_w`: 
                 It is deprecated to have `RuntimeEvent` associated type in the pallet config.
                 Please instead remove it as it is redundant since associated bound gets appended automatically: 
                 
                 pub trait Config: frame_system::Config<RuntimeEvent: From<Event<Self>>> { }.
         
                 For more info see:
                     <https://github.com/paritytech/polkadot-sdk/pull/7229>
  --> template/pallets/mining/src/lib.rs:11:14
   |
11 |         type RuntimeEvent: From<Event<Self>> + IsType<<Self as frame_system::Config>::RuntimeEvent>;
   |              ^^^^^^^^^^^^
   |
   = note: `#[warn(deprecated)]` on by default

warning: `pallet-mining` (lib) generated 1 warning
   Compiling pallet-evm-chain-id v1.0.0-dev (/workspaces/arxon-node/frame/evm-chain-id)
   Compiling fp-self-contained v1.0.0-dev (/workspaces/arxon-node/primitives/self-contained)
   Compiling sc-proposer-metrics v0.20.0 (https://github.com/paritytech/polkadot-sdk?branch=stable2512#b1839403)
   Compiling env_filter v0.1.4
   Compiling Inflector v0.11.4
   Compiling threadpool v1.8.1
   Compiling gethostname v0.2.3
   Compiling assert_matches v1.5.0
   Compiling thousands v0.2.0
   Compiling frame-benchmarking-cli v53.0.0 (https://github.com/paritytech/polkadot-sdk?branch=stable2512#b1839403)
   Compiling sc-consensus-manual-seal v0.56.0 (https://github.com/paritytech/polkadot-sdk?branch=stable2512#b1839403)
   Compiling sc-offchain v50.0.0 (https://github.com/paritytech/polkadot-sdk?branch=stable2512#b1839403)
   Compiling sc-basic-authorship v0.53.0 (https://github.com/paritytech/polkadot-sdk?branch=stable2512#b1839403)
   Compiling fc-rpc v2.0.0-dev (/workspaces/arxon-node/client/rpc)
   Compiling sc-consensus-grandpa v0.40.0 (https://github.com/paritytech/polkadot-sdk?branch=stable2512#b1839403)
   Compiling arxon-node v0.0.0 (/workspaces/arxon-node/template/node)
   Compiling substrate-frame-rpc-system v49.0.0 (https://github.com/paritytech/polkadot-sdk?branch=stable2512#b1839403)
   Compiling pallet-transaction-payment-rpc v48.0.0 (https://github.com/paritytech/polkadot-sdk?branch=stable2512#b1839403)
   Compiling fc-cli v1.0.0-dev (/workspaces/arxon-node/client/cli)
   Compiling fc-consensus v2.0.0-dev (/workspaces/arxon-node/client/consensus)
    Finished `release` profile [optimized] target(s) in 10m 02s
